PS C:\Users\taran> cd "C:\Program Files\Bitcoin\daemon"
PS C:\Program Files\Bitcoin\daemon> ^C
PS C:\Program Files\Bitcoin\daemon> .\bitcoin-cli -regtest createwallet "mywallet"
{
  "name": "mywallet"
}
PS C:\Program Files\Bitcoin\daemon> .\bitcoin-cli -regtest loadwallet "mywallet"
error code: -35
error message:
Wallet "mywallet" is already loaded.
PS C:\Program Files\Bitcoin\daemon> .\bitcoin-cli -regtest getbalance
0.00000000
PS C:\Program Files\Bitcoin\daemon> .\bitcoin-cli -regtest getblockcount
305
PS C:\Program Files\Bitcoin\daemon> .\bitcoin-cli -regtest generatetoaddress 101 $(.\bitcoin-cli -regtest getnewaddress)
[
  "714999d19c2dc6d24e16fd75c654c8d9b7c56cbef40c553d18c1def2e95d2c86",
  "17d1f9f246ecedb449d0ce4ac5090d345d023e7535f21f04d055dc5f488b2b79",
  "0c75a0cd1bdbcb1752d4f4e9ff8368378db9007499aa26d130fbca2953acc832",
  "365bf7e5e36ab46b05e8334a09e83142a1669092396c535956d9f0ed18880c15",
  "4abdb73b74652571f9112853d92484901e9aca4c96083adc6143ea88bd8453e3",
  "378582e447573ae629281f05da004677cf9f4a47eb75098ae9a4bb782a8ab7e7",
  "7691da5ec08605ef3302739a7bf39bca8a01f3c7032d2c4cd5865a5d0494f72f",
  "47eb7fce86053205dbde4d6bb4be88392e4b3ee0e4458772a73e88d1d2a67b4d",
  "67210851354da4cb263b1bd9d5a785a87208dbc5493d8a063fece68ca3510fe3",
  "4bcce3f6091cc4e187ca9720998ebda7bfdddeb1df0936b9872a7368e57a0847",
  "48f49a5faa2e288e380ebec9e744f4b5b31741e153bda4269dbd76f58fcebf14",
  "5d27f0f633e3fb7d85cca24108beef891640557e99ffcfe2a5a909b37a6845b5",
  "3a6125735ac07db13b4fe7a9ead28f68d7cd08aa65ab2ffc3aae68b6993e1475",
  "35f98a57fcb8a03f083bca5f2fe46d22994f7be08d1754a34495a5ec904be3e6",
  "7efe4d79f0aded76f3add8f7bffe4458e09ff67844702aa2f1acbdbecbec180e",
  "50daa72fc24a3fe990f01fc33cd18f7277b9e3fc046f00a3e42d1e77f1e3e6a2",
  "213c3a2a739630c7503e1bc4b2f9f8e2ca5599ffdabba969b5f61e0d32b05146",
  "35262c646bd8a0dcb5a93bb0e233dab49e32d2c9f78682b9ac9831b8c9b07a75",
  "6ac623ee164160dae281ba7f9c676fec537610cc49d92fd004a896132c91fa6f",
  "39e02c932c39dd9542418b841a70d731697e4f17ebebd828c3f05b35ab98c4b6",
  "0acd47c327587a81635e4fedbd7a5a8f844b24b907744828ca17729516e7d92c",
  "5de50bc65b09c4ac5d9bf4db835d3d081b971a6d46831ebdc60a7f86a8b59bfa",
  "50837c528d0a89bce79bf6a6343794cfad20487b738f7e3963cc2299f4c91c30",
  "5adbad7f974eeae1992ce900f7b467eacc93ef550e0fe823155dcc3e0d3e0c63",
  "5a6a5551726c6432a221858b2b270848681398467f2b622ba3bf81c1e246dfc1",
  "73021c58bb8686368d29f19f2b188306b959b36c9cd6558e2c6d6a4100e060d8",
  "43326a2732dfd516b722618c94a9c366ba6a11706127952f010e8103f47776a7",
  "14a6aa71a5d03d4df46eafb399e1b7bf4bbe4fde6cb1adc13e61a5fb00166c7b",
  "30e0e2f43e3c8c4f7a9930586be3c40c33f3207e0c5256ebe31e87ab94343db9",
  "1e11c4f00e86815650fc50ffb25053eb82e233198f794a2c0b680bf56c755909",
  "5df72ad74a473bcfc72eed2beb37e7dfb702f2377702ef9f5c73e0625393721f",
  "6fee5d064c1e150fc56fd8363ff60f56dd57d6ea802dd4e9aa29150f329d61f9",
  "129001dbc7f31f2bc44e368475adb108da63bb4c240d363908e7b953a4378429",
  "1997ea820d92acd02ec6c71a9096d44fcb5c3a141a3bf4b16ab05de3334a8ef6",
  "0b7222a83fd4a4061bfad5aff5a9dc514698616e66dd609e7b6f15481ccb73ca",
  "56c8e2b1a4bc6f3a156e61f016427c1de6abcac89259eeb1d71045df4646daa3",
  "3dda06354d8680319ae44590119205a94a042034f24f088fa6ab11bd36ce9763",
  "5fd12013f5a53209e3f74771ed07d5486ce237f2b5d66325285d2850c6c6c978",
  "6d0bcffb85f26fd46c6bc1fd05cdff151c69fce7a81f831e643329effb42973c",
  "43bbfa6a688d9c4e548655108dd4e390f448134e21bbc6f6609bcf6512518e63",
  "319f46bb5ae8bf95eb19ac5a4ac07a1e4a52714aa42302d9f9b70e8b41a1976b",
  "70398165be2829add241c583690cc6811ff4a9e9208a624ca30a60964b6bc6f7",
  "2e384ef0ba2256606518fdbaca2ab278d336ef2ac2d2fcfecc28e1c3a7712ecd",
  "1c8f9f093a95c5e99211b678438376de6bbac39b9a215351f3338eab375016b0",
  "279645e9677e133a01bb5dc2bff2bd54568a9cb813ccc3dbf014036fea39e71c",
  "20e853b2db7cc084c273bbba77a3abe652a6d467cde14e68bea4990818c08aac",
  "3152eb71b00c9c0d640fba4e4eaf63af1d6825d780b545d5cc90c0f305649789",
  "47559eee74328b2350d424c85fe341960f7e4668473d27cac14fdc7809bd980c",
  "58fc47280034fc49080c4e61d847c8b2cc52ef828e2e37357082b355472383a7",
  "21285199638f008972ab69f35b148e8b73756c402506535a864bc6ac4519c695",
  "7dae4b4c5597ddd66eaedbd81afcc4742d47b1aa409bfb30f44832bebf58e5d1",
  "387cc842a300cc13131bad2b0401eb779e3733711b37d303699faa49b9e1e842",
  "6764c4d07967a3db9060be9f54dfc259f77fd936712a35959c33a601165809f4",
  "06e02a6861cf400f6c72df149f4cb61419709cc73820152283c40ed6cc3b0bab",
  "1a9fe81a19638af0c51d2453e9ab4ecf018f8ee21171af05d325edfac2ce9a68",
  "7eee894ba46d254294089633ea66b43833574c4911b387aedb4150a31c5ac518",
  "73eccfc3a2adbc5aabc3a6a6936513e340dac3508168fd16545591d6a869ab23",
  "055fbdcf28362035bc215f5ea65102c02b24e1c935ae7eb8f2cac7768235c890",
  "636e9f22660fb0ae0d926680c1e06ef7b4e641548827f567c52352cf529a38fb",
  "079558607f1450accb7cecd69b3e5a0695925937370b4ab0855cf142ee398f64",
  "488f0599324d590965a835ea936b3469d0171c1c7dc6e48f93d2f2951e0bf2b1",
  "721cf7d0d4632ae11b42714ee0074ab332e0634b724756fcc9dcce8af9ec8aa2",
  "5696bce785971011eb40d4d531ad2dc667f7c5d803a5eac03fbcee92e3ec18ef",
  "706917b493bd1df31d3426f88f3c8e89aa49ca81289445e2f43e3f8c65e7e2bb",
  "5e844aa0336ff0625aca0009fa43f841f83ff5e83e0408623284df8d69fb5760",
  "1e1f9b8ccc25ae258edb65ff7cf02216da5a50ee349e4bd7e5baa79d5db6a027",
  "2090a8ac40a514a6c75f2c06c423bd5bb14ce629fe53770a412ff4902d59598c",
  "7a7017e6ac5324aa9b8d38f1118921d61941449958af4a433781e563704d5446",
  "2ddef8d28d6f97a98ec3c8fdad482600b53042f4c232a8d237a2d2ccbe038ffb",
  "686fd351da8b6e42fda03f1065f6bd2b3269c69420660d42da41f88f295c0591",
  "726dbc12a2fac0374e4792bafba6ec63887526d714e1d3baff80c333c5e52602",
  "0987a5aa9068bcaa0789e48e2720fa8fc1bc1a0c0b0a3ac77029459be4504517",
  "50f1e5787a85dab8a2b100aa3573094fbcc6d766e57ef8339146241ea91a78bb",
  "2e67e3362875909d9c44f871af2b7393c9d7ea54e2a4e255a82d81157e9f693f",
  "67d14598e934d32c978cbf914e8757bea24540cd8286aaccce2a6cbf14586446",
  "75cc1dce257493457bc9b3776e7997e3633233c361c633aeffba9e7c1cc723df",
  "4369bba3cf15a92f1528b6e4fd978505f52e289cf0a5f139a9d08350bb6b5d3d",
  "2b85fa7b553e64a43a4a6675b3cd94f1d88ccf3b5d791d9b5cfbd366e7864936",
  "689c6bd17ce12bb91ef14df21e7ebc2db52d8fcfc314a28761b0c92e0b8ed17e",
  "3a35b3b705751c34292c809f245c1871cbf3fd339f3261a352871d56f4a957eb",
  "0849f34f8494574a6e77a174798247bc2c77701f990779e10009c6dad5a4ce5e",
  "51c44353b01aef9e8a433eec2007846fdbba7a0e6e90ac3500e896f525ed2807",
  "28cbf7007529f758dd2b97cbeb28b0e02845cd7cb3b4145c9f9db27b7a40a0ee",
  "784e0f118e4898f2a6db455d178f63f5bf3dc3934d31e84f0cfa0c03e53af41e",
  "62362bc85abba9e78b6fea7890d9736720c98b798abbfa4179b51aed5e52cd48",
  "159b605f420d5287874dcd46d320d679d22a855dc30c5fee59610f87585c3cdd",
  "50b269593e273f86da1b82ea46028cd7988b33f3e0c46b75e2e9a838df538725",
  "5a8e251d912885838a4bf0884ef691d83b64449c7a8d499c7df849d964272315",
  "648768ff41a9e5271f3088c91c5251475cfb51418274ae27a969854355cb4eec",
  "3ba6d50984bb244ef739658dfd898f581f7701fab2f42df85fefe9782c6572fd",
  "1bb6f392363c89af7929ace71ee6707cc4a3e0cdb0022054d846d05540017503",
  "5567fd22e2117354a7114b688dc365017b32263333a2a1d201ab717282fd932d",
  "293b3bf3e466627c0e4c745c2dc2f9d6f953db155d99fdc159d114ad6feae368",
  "2a67dd664d82b66c8bf698fb188bb6a440d7a57d38ef30664538e4b7511b2ef4",
  "125753c9776174c38f87e7d3203b8a65f9b8cbf38bd2148ff54d829e4fccb156",
  "3c3dc2b823b2fc8998c6de5bb73c898b241429d7e01ec42ecc13a661f81f2691",
  "337dfa7c26c35af612577450d0bbdbc6be65a417417d8fcda92ee15bf8cd25ce",
  "3e158c38a4a9e73b77f380682d397be894220583b5bca231437b9a25bc3a1588",
  "681363f07a9c1542196adab52199e7cc82159767ae72103eb14fca4f6c101872",
  "7873e6e05f5f2dcbdd3a9f549fe34e5075633abd8e3fae992332f17bd0e2084e",
  "436f4bcf2fe71b970508cc9baf0f07e6656c7b92d7d382a635177dce4c2e7840"
]
PS C:\Program Files\Bitcoin\daemon> .\bitcoin-cli -regtest getblockcount
406
PS C:\Program Files\Bitcoin\daemon> .\bitcoin-cli -regtest getbalance
12.50000000
PS C:\Program Files\Bitcoin\daemon> .\bitcoin-cli -regtest settxfee 0.0002
true
PS C:\Program Files\Bitcoin\daemon> .\bitcoin-cli -regtest getnewaddress

bcrt1qfy6vpl4nwy4aejsvm5aa8zx3eauuyge6ts6j0q
PS C:\Program Files\Bitcoin\daemon> .\bitcoin-cli -regtest sendtoaddress "bcrt1qfy6vpl4nwy4aejsvm5aa8zx3eauuyge6ts6j0q" 4
65837a0ef442c0a2c4a3c474f8f5e4d031c354e0dcd34aa50264cc591cacaf39
PS C:\Program Files\Bitcoin\daemon> .\bitcoin-cli -regtest getbalance
12.49997180
PS C:\Program Files\Bitcoin\daemon> .\bitcoin-cli -regtest generatetoaddress 1 $(.\bitcoin-cli -regtest getnewaddress)
[
  "55a926b7aa896b273e5cbffed111d63f1259f313ad2485a549f6f1dddef13cfa"
]
PS C:\Program Files\Bitcoin\daemon> .\bitcoin-cli -regtest getbalance
24.99997180
PS C:\Program Files\Bitcoin\daemon> .\bitcoin-cli -regtest gettransaction "65837a0ef442c0a2c4a3c474f8f5e4d031c354e0dcd34aa50264cc591cacaf39"
{
  "amount": 0.00000000,
  "fee": -0.00002820,
  "confirmations": 1,
  "blockhash": "55a926b7aa896b273e5cbffed111d63f1259f313ad2485a549f6f1dddef13cfa",
  "blockheight": 407,
  "blockindex": 1,
  "blocktime": 1743172782,
  "txid": "65837a0ef442c0a2c4a3c474f8f5e4d031c354e0dcd34aa50264cc591cacaf39",
  "wtxid": "79d2017d07fad27fecbaa93d0d1808710803a57484add73930ecf6e1dc6a864b",
  "walletconflicts": [
  ],
  "mempoolconflicts": [
  ],
  "time": 1743172713,
  "timereceived": 1743172713,
  "bip125-replaceable": "no",
  "details": [
    {
      "address": "bcrt1qfy6vpl4nwy4aejsvm5aa8zx3eauuyge6ts6j0q",
      "category": "send",
      "amount": -4.00000000,
      "label": "",
      "vout": 1,
      "fee": -0.00002820,
      "abandoned": false
    },
    {
      "address": "bcrt1qfy6vpl4nwy4aejsvm5aa8zx3eauuyge6ts6j0q",
      "parent_descs": [
        "wpkh(tpubD6NzVbkrYhZ4YNVwgesb9n8a5M2h8Zcw4SJHa82HycKU8fSzvxvdZgsk4WimMAkFyfBZUbLoTTqo9iWApe4u6Rrkpyv3fesGkb2HfWPANq3/84h/1h/0h/0/*)#kr2nl5ze"
      ],
      "category": "receive",
      "amount": 4.00000000,
      "label": "",
      "vout": 1,
      "abandoned": false
    }
  ],
  "hex": "020000000001013cffc417c00a729b34a3f004cd94e20d732a35207ea3e3f716e7b85637ef19930000000000fdffffff027ceda932000000001600143ec12a6d21f62e1d0f201f646579f84c3f887ee50084d717000000001600144934c0feb3712bdcca0cdd3bd388d1cf79c2233a02473044022017d63143b5ba01ce1200786ef4bbab065b55c69f3743f757350dcd8a557d7b4f022017448bda90f1fc2f149b44c26cf9a07562b54afadb919ba2687c36be4996b6380121021740b6a77ca14ce1aa1f43d8b17da7845cc62d5d03385c9d42d6af625b2877d363010000",
  "lastprocessedblock": {
    "hash": "55a926b7aa896b273e5cbffed111d63f1259f313ad2485a549f6f1dddef13cfa",
    "height": 407
  }
}
PS C:\Program Files\Bitcoin\daemon>
